22:56:25 INFO     ==============================================================================
22:56:25 INFO     Task            : regression
22:56:25 INFO     Config          : /home/aditya/Desktop/ARiES/LAMDAAnalytics/dataset/config_4year.yaml
22:56:25 INFO     Output          : /home/aditya/Desktop/ARiES/LAMDAAnalytics/dataset/data/four_year_2021_2024/results/model_training/regression
22:56:25 INFO     Python           : 3.12.3
22:56:25 INFO     Platform         : Linux-7.0.0-30-generic-x86_64-with-glibc2.39
22:56:25 INFO     PyTorch          : 2.13.0+cu130 (CUDA build: 13.0)
22:56:25 INFO     CUDA available   : False
22:56:25 INFO     Selected device  : cpu (CPU explicitly requested)
22:56:25 INFO     ==============================================================================
22:56:25 WARNING  Feature(s) ['weather_anomaly_7d', 'global_risk'] are constant across the whole table; they carry no signal and their standardised value is fixed at 0.
22:56:25 INFO     Loaded 960 country-month rows, 30844 edge rows, 48 months, 20 countries
22:56:25 INFO     Targets: 643 valid of 960 country-months (horizon=1 month)
22:56:25 WARNING  12 month(s) have no observable target at this horizon and are excluded from every partition: ['2021-01', '2021-02', '2021-03', '2021-04', '2021-05', '2021-06', '2021-07', '2021-08', '2021-09', '2021-10', '2021-11', '2024-12']
22:56:25 WARNING  train: dropped 11 requested month(s) that are absent or have no observable target: ['2021-01', '2021-02', '2021-03', '2021-04', '2021-05', '2021-06', '2021-07', '2021-08', '2021-09', '2021-10', '2021-11']
22:56:25 WARNING  test: dropped 1 requested month(s) that are absent or have no observable target: ['2024-12']
22:56:25 INFO     Split: train 2021-12..2022-12 (13) | validation 2023-01..2023-12 (12) | test 2024-01..2024-11 (11)
22:56:25 INFO     Fitted on training months only: standardizer (7 features), edge scales (23.4653, 18.3371), positive weight 1.000
22:56:26 INFO     Materialised 36 monthly snapshots on cpu (20 nodes, 643 supervised rows)
22:56:26 INFO     Baseline train_median           scored 643 row(s)
22:56:26 INFO     Baseline ridge_regression       scored 643 row(s)
22:56:26 INFO     ------------------------------------------------------------------------------
22:56:26 INFO     Training gcn (regression) on cpu
22:56:27 INFO       gcn            epoch  1/40  train_loss=0.12473  val_loss=0.09740  val_selection=-0.18408  (0.03s)
22:56:27 INFO       gcn            epoch  2/40  train_loss=0.09438  val_loss=0.12843  val_selection=-0.22020  (0.02s)
22:56:27 INFO       gcn            epoch  3/40  train_loss=0.08458  val_loss=0.10164  val_selection=-0.19047  (0.03s)
22:56:27 INFO       gcn            epoch  4/40  train_loss=0.08456  val_loss=0.12346  val_selection=-0.21271  (0.02s)
22:56:27 INFO       gcn            epoch  5/40  train_loss=0.08087  val_loss=0.11105  val_selection=-0.20039  (0.02s)
22:56:27 INFO       gcn            epoch  6/40  train_loss=0.08060  val_loss=0.12209  val_selection=-0.21242  (0.02s)
22:56:27 INFO       gcn            epoch  7/40  train_loss=0.07887  val_loss=0.12052  val_selection=-0.21115  (0.03s)
22:56:27 INFO       gcn            epoch  8/40  train_loss=0.07712  val_loss=0.12170  val_selection=-0.21281  (0.03s)
22:56:27 INFO       gcn            epoch  9/40  train_loss=0.07626  val_loss=0.12842  val_selection=-0.22018  (0.02s)
22:56:27 INFO       gcn            epoch 10/40  train_loss=0.07493  val_loss=0.12875  val_selection=-0.22052  (0.02s)
22:56:27 INFO       gcn            epoch 11/40  train_loss=0.07350  val_loss=0.13021  val_selection=-0.22249  (0.02s)
22:56:27 INFO       gcn            early stop after epoch 11 (no validation improvement for 10 epochs)
22:56:27 INFO     gcn finished in 0.3s; best epoch 1; test rows 193
22:56:27 INFO     ------------------------------------------------------------------------------
22:56:27 INFO     Training tgn (regression) on cpu
22:56:30 INFO       tgn            epoch  1/40  train_loss=0.09269  val_loss=0.08510  val_selection=-0.17314  (3.33s)
22:56:34 INFO       tgn            epoch  2/40  train_loss=0.11725  val_loss=0.09900  val_selection=-0.18572  (3.87s)
22:56:38 INFO       tgn            epoch  3/40  train_loss=0.09689  val_loss=0.11241  val_selection=-0.19801  (3.58s)
22:56:41 INFO       tgn            epoch  4/40  train_loss=0.08821  val_loss=0.10464  val_selection=-0.19123  (3.42s)
22:56:44 INFO       tgn            epoch  5/40  train_loss=0.08654  val_loss=0.10212  val_selection=-0.18998  (3.32s)
22:56:48 INFO       tgn            epoch  6/40  train_loss=0.08528  val_loss=0.10444  val_selection=-0.19245  (3.62s)
22:56:52 INFO       tgn            epoch  7/40  train_loss=0.08324  val_loss=0.10414  val_selection=-0.19240  (4.05s)
22:56:57 INFO       tgn            epoch  8/40  train_loss=0.08168  val_loss=0.10565  val_selection=-0.19413  (4.59s)
22:57:01 INFO       tgn            epoch  9/40  train_loss=0.08000  val_loss=0.10656  val_selection=-0.19548  (4.04s)
22:57:04 INFO       tgn            epoch 10/40  train_loss=0.07825  val_loss=0.10528  val_selection=-0.19445  (3.42s)
22:57:08 INFO       tgn            epoch 11/40  train_loss=0.07671  val_loss=0.10422  val_selection=-0.19345  (3.41s)
22:57:08 INFO       tgn            early stop after epoch 11 (no validation improvement for 10 epochs)
22:57:10 INFO     tgn finished in 40.7s; best epoch 1; test rows 193
22:57:10 INFO     ------------------------------------------------------------------------------
22:57:10 INFO     Training tgn_no_memory (regression) on cpu
22:57:12 INFO       tgn_no_memory  epoch  1/40  train_loss=0.11837  val_loss=0.10417  val_selection=-0.18766  (2.68s)
22:57:15 INFO       tgn_no_memory  epoch  2/40  train_loss=0.09537  val_loss=0.10024  val_selection=-0.18629  (2.29s)
22:57:17 INFO       tgn_no_memory  epoch  3/40  train_loss=0.08946  val_loss=0.10885  val_selection=-0.19661  (2.22s)
22:57:19 INFO       tgn_no_memory  epoch  4/40  train_loss=0.08505  val_loss=0.10203  val_selection=-0.18984  (2.26s)
22:57:21 INFO       tgn_no_memory  epoch  5/40  train_loss=0.08374  val_loss=0.10637  val_selection=-0.19442  (2.25s)
22:57:24 INFO       tgn_no_memory  epoch  6/40  train_loss=0.08079  val_loss=0.10690  val_selection=-0.19562  (2.24s)
22:57:26 INFO       tgn_no_memory  epoch  7/40  train_loss=0.07923  val_loss=0.10796  val_selection=-0.19684  (2.43s)
22:57:28 INFO       tgn_no_memory  epoch  8/40  train_loss=0.07747  val_loss=0.10976  val_selection=-0.19936  (2.23s)
22:57:30 INFO       tgn_no_memory  epoch  9/40  train_loss=0.07639  val_loss=0.10790  val_selection=-0.19715  (2.26s)
22:57:33 INFO       tgn_no_memory  epoch 10/40  train_loss=0.07549  val_loss=0.11228  val_selection=-0.20218  (2.23s)
22:57:35 INFO       tgn_no_memory  epoch 11/40  train_loss=0.07433  val_loss=0.10336  val_selection=-0.19214  (2.31s)
22:57:37 INFO       tgn_no_memory  epoch 12/40  train_loss=0.07579  val_loss=0.11917  val_selection=-0.20948  (2.27s)
22:57:37 INFO       tgn_no_memory  early stop after epoch 12 (no validation improvement for 10 epochs)
22:57:39 INFO     tgn_no_memory finished in 27.7s; best epoch 2; test rows 193
22:57:40 INFO     ==============================================================================
22:57:40 INFO     Run complete in 74.7s -> /home/aditya/Desktop/ARiES/LAMDAAnalytics/dataset/data/four_year_2021_2024/results/model_training/regression
22:57:40 INFO     model                  split             n                rmse                mae
22:57:40 INFO     train_median           validation      216              0.2104             0.1689
22:57:40 INFO     train_median           test            193              0.2507             0.1642
22:57:40 INFO     ridge_regression       validation      216              0.1980             0.1554
22:57:40 INFO     ridge_regression       test            193              0.1817             0.1424
22:57:40 INFO     gcn                    validation      216              0.1841             0.1402
22:57:40 INFO     gcn                    test            193              0.2148             0.1457
22:57:40 INFO     tgn                    validation      216              0.1731             0.1267
22:57:40 INFO     tgn                    test            193              0.2294             0.1724
22:57:40 INFO     tgn_no_memory          validation      216              0.1863             0.1442
22:57:40 INFO     tgn_no_memory          test            193              0.2093             0.1451
